// Jest Snapshot v1, https://goo.gl/fbAQLP

exports[`submits new password after validation 1`] = `
<DocumentFragment>
  <div
    class="d-flex align-items-center justify-content-center container"
    style="margin-top: 100px;"
  >
    <div
      class="w-100 card"
      style="max-width: 600px;"
    >
      <div
        class="card-body"
      >
        <div
          class="card-title h5"
        >
          Reset Your Password
        </div>
        <form
          class=""
        >
          <div
            class="mb-3"
          >
            <label
              class="form-label"
              for="emailInput"
            >
              Set a new password
            </label>
            <input
              class="form-control"
              id="emailInput"
              placeholder="choose a new password"
              type="password"
              value="newpass"
            />
          </div>
          <button
            class="btn btn-outline-info"
            type="submit"
          >
            Reset Password
          </button>
        </form>
      </div>
    </div>
  </div>
</DocumentFragment>
`;
