// Jest Snapshot v1, https://goo.gl/fbAQLP

exports[`adds item and closes modal 1`] = `<DocumentFragment />`;
