// Jest Snapshot v1, https://goo.gl/fbAQLP

exports[`adds pet with filled information 1`] = `<DocumentFragment />`;
