// Jest Snapshot v1, https://goo.gl/fbAQLP

exports[`updates appointment when submitted 1`] = `<DocumentFragment />`;
