// Jest Snapshot v1, https://goo.gl/fbAQLP

exports[`submits password change 1`] = `<DocumentFragment />`;
