// Jest Snapshot v1, https://goo.gl/fbAQLP

exports[`confirms deletion when button clicked 1`] = `<DocumentFragment />`;
