// Jest Snapshot v1, https://goo.gl/fbAQLP

exports[`uploads new image 1`] = `<DocumentFragment />`;
