// Jest Snapshot v1, https://goo.gl/fbAQLP

exports[`renders pagination items and handles click 1`] = `
<DocumentFragment>
  <div
    class="d-flex justify-content-end"
  >
    <ul
      class="pagination"
    >
      <li
        class="page-item active"
      >
        <span
          class="page-link"
        >
          1
          <span
            class="visually-hidden"
          >
            (current)
          </span>
        </span>
      </li>
      <li
        class="page-item"
      >
        <a
          class="page-link"
          href="#"
          role="button"
          tabindex="0"
        >
          2
        </a>
      </li>
      <li
        class="page-item"
      >
        <a
          class="page-link"
          href="#"
          role="button"
          tabindex="0"
        >
          3
        </a>
      </li>
    </ul>
  </div>
</DocumentFragment>
`;
