// Jest Snapshot v1, https://goo.gl/fbAQLP

exports[`renders spinner with message snapshot 1`] = `
<DocumentFragment>
  <div
    class="text-center"
  >
    <span
      aria-hidden="true"
      class="spinner-border spinner-border-sm"
      role="status"
    />
    <span
      class="sr-only"
    >
      Loading
    </span>
  </div>
</DocumentFragment>
`;
