// Jest Snapshot v1, https://goo.gl/fbAQLP

exports[`loads colors and handles change 1`] = `
<DocumentFragment>
  <div
    class="mb-2 col"
  >
    <select
      class="form-control"
      id="petColor"
      name="color"
      required=""
    >
      <option
        value=""
      >
        ...select pet color...
      </option>
      <option
        value="Black"
      >
        Black
      </option>
      <option
        value="add-new-item"
      >
        Add New
      </option>
    </select>
  </div>
</DocumentFragment>
`;
