// Jest Snapshot v1, https://goo.gl/fbAQLP

exports[`renders pets and handles add 1`] = `
<DocumentFragment>
  <section>
    <div
      class="row"
    >
      <div
        class="col"
      >
        <h4>
          Pets:
        </h4>
      </div>
      <div
        class="d-flex justify-content-end col"
      >
        <a
          class="text-info"
          href="/"
        >
          <h2>
             
            <svg
              fill="currentColor"
              height="1em"
              stroke="currentColor"
              stroke-width="0"
              viewBox="0 0 16 16"
              width="1em"
              xmlns="http://www.w3.org/2000/svg"
            >
              <path
                d="M8 4a.5.5 0 0 1 .5.5v3h3a.5.5 0 0 1 0 1h-3v3a.5.5 0 0 1-1 0v-3h-3a.5.5 0 0 1 0-1h3v-3A.5.5 0 0 1 8 4"
              />
            </svg>
          </h2>
        </a>
      </div>
    </div>
    <table
      class="table table-sm table-striped table-bordered table-hover"
    >
      <thead>
        <tr>
          <th>
            Name
          </th>
          <th>
            Type
          </th>
          <th>
            Breed
          </th>
          <th>
            Color
          </th>
          <th>
            Age
          </th>
          <th
            colspan="3"
          >
            Actions
          </th>
        </tr>
      </thead>
      <tbody>
        <tr>
          <td>
            A
          </td>
          <td>
            Dog
          </td>
          <td>
            B
          </td>
          <td>
            C
          </td>
          <td>
            2
          </td>
          <td>
            <button
              class="btn btn-sm btn-warning btn btn-primary"
              type="button"
            >
              <svg
                fill="currentColor"
                height="1em"
                stroke="currentColor"
                stroke-width="0"
                viewBox="0 0 16 16"
                width="1em"
                xmlns="http://www.w3.org/2000/svg"
              >
                <path
                  d="M12.854.146a.5.5 0 0 0-.707 0L10.5 1.793 14.207 5.5l1.647-1.646a.5.5 0 0 0 0-.708zm.646 6.061L9.793 2.5 3.293 9H3.5a.5.5 0 0 1 .5.5v.5h.5a.5.5 0 0 1 .5.5v.5h.5a.5.5 0 0 1 .5.5v.5h.5a.5.5 0 0 1 .5.5v.207zm-7.468 7.468A.5.5 0 0 1 6 13.5V13h-.5a.5.5 0 0 1-.5-.5V12h-.5a.5.5 0 0 1-.5-.5V11h-.5a.5.5 0 0 1-.5-.5V10h-.5a.5.5 0 0 1-.175-.032l-.179.178a.5.5 0 0 0-.11.168l-2 5a.5.5 0 0 0 .65.65l5-2a.5.5 0 0 0 .168-.11z"
                />
              </svg>
            </button>
          </td>
        </tr>
      </tbody>
    </table>
  </section>
</DocumentFragment>
`;
