// Jest Snapshot v1, https://goo.gl/fbAQLP

exports[`loads types and handles change 1`] = `
<DocumentFragment>
  <div
    class="col"
  >
    <select
      class="form-control"
      id="petType"
      name="type"
      required=""
    >
      <option
        value=""
      >
        ...select type...
      </option>
      <option
        value="Dog"
      >
        Dog
      </option>
      <option
        value="add-new-item"
      >
        Add New
      </option>
    </select>
  </div>
</DocumentFragment>
`;
